1714056277.945644 client started (41856): version 3.3a, socket /private/tmp/tmux-501/default, protocol 8
1714056277.945758 on Darwin 23.4.0 Darwin Kernel Version 23.4.0: Fri Mar 15 00:12:41 PDT 2024; root:xnu-10063.101.17~1/RELEASE_ARM64_T8103
1714056277.946140 using libevent 2.1.12-stable (select); utf8proc 2.9.0; ncurses 6.4
1714056277.946173 flags are 0x18010000
1714056277.946183 socket is /private/tmp/tmux-501/default
1714056277.946197 trying connect
1714056277.946254 add peer 0x150028000: 6 (0x0)
1714056277.949615 sending message 100 to peer 0x150028000 (4 bytes)
1714056277.949649 sending message 111 to peer 0x150028000 (8 bytes)
1714056277.949661 sending message 101 to peer 0x150028000 (15 bytes)
1714056277.949671 sending message 109 to peer 0x150028000 (4 bytes)
1714056277.949680 sending message 102 to peer 0x150028000 (13 bytes)
1714056277.949689 sending message 108 to peer 0x150028000 (26 bytes)
1714056277.949698 sending message 112 to peer 0x150028000 (58 bytes)
1714056277.949705 sending message 112 to peer 0x150028000 (5 bytes)
1714056277.949712 sending message 112 to peer 0x150028000 (5 bytes)
1714056277.949720 sending message 112 to peer 0x150028000 (6 bytes)
1714056277.949727 sending message 112 to peer 0x150028000 (6 bytes)
1714056277.949735 sending message 112 to peer 0x150028000 (11 bytes)
1714056277.949743 sending message 112 to peer 0x150028000 (10 bytes)
1714056277.949752 sending message 112 to peer 0x150028000 (13 bytes)
1714056277.949760 sending message 112 to peer 0x150028000 (14 bytes)
1714056277.949768 sending message 112 to peer 0x150028000 (19 bytes)
1714056277.949777 sending message 112 to peer 0x150028000 (11 bytes)
1714056277.949785 sending message 112 to peer 0x150028000 (10 bytes)
1714056277.949794 sending message 112 to peer 0x150028000 (15 bytes)
1714056277.949802 sending message 112 to peer 0x150028000 (21 bytes)
1714056277.949810 sending message 112 to peer 0x150028000 (13 bytes)
1714056277.949819 sending message 112 to peer 0x150028000 (7 bytes)
1714056277.949827 sending message 112 to peer 0x150028000 (13 bytes)
1714056277.949835 sending message 112 to peer 0x150028000 (7 bytes)
1714056277.949844 sending message 112 to peer 0x150028000 (13 bytes)
1714056277.949852 sending message 112 to peer 0x150028000 (9 bytes)
1714056277.949860 sending message 112 to peer 0x150028000 (21 bytes)
1714056277.949869 sending message 112 to peer 0x150028000 (13 bytes)
1714056277.949878 sending message 112 to peer 0x150028000 (9 bytes)
1714056277.949886 sending message 112 to peer 0x150028000 (16 bytes)
1714056277.949894 sending message 112 to peer 0x150028000 (13 bytes)
1714056277.949903 sending message 112 to peer 0x150028000 (9 bytes)
1714056277.949911 sending message 112 to peer 0x150028000 (9 bytes)
1714056277.949919 sending message 112 to peer 0x150028000 (12 bytes)
1714056277.949927 sending message 112 to peer 0x150028000 (8 bytes)
1714056277.949936 sending message 112 to peer 0x150028000 (8 bytes)
1714056277.949944 sending message 112 to peer 0x150028000 (13 bytes)
1714056277.949952 sending message 112 to peer 0x150028000 (7 bytes)
1714056277.949960 sending message 112 to peer 0x150028000 (7 bytes)
1714056277.949969 sending message 112 to peer 0x150028000 (9 bytes)
1714056277.949978 sending message 112 to peer 0x150028000 (9 bytes)
1714056277.949986 sending message 112 to peer 0x150028000 (15 bytes)
1714056277.949995 sending message 112 to peer 0x150028000 (13 bytes)
1714056277.950003 sending message 112 to peer 0x150028000 (12 bytes)
1714056277.950011 sending message 112 to peer 0x150028000 (8 bytes)
1714056277.950020 sending message 112 to peer 0x150028000 (14 bytes)
1714056277.950028 sending message 112 to peer 0x150028000 (11 bytes)
1714056277.950036 sending message 112 to peer 0x150028000 (9 bytes)
1714056277.950045 sending message 112 to peer 0x150028000 (10 bytes)
1714056277.950053 sending message 112 to peer 0x150028000 (10 bytes)
1714056277.950061 sending message 112 to peer 0x150028000 (10 bytes)
1714056277.950070 sending message 112 to peer 0x150028000 (10 bytes)
1714056277.950078 sending message 112 to peer 0x150028000 (11 bytes)
1714056277.950102 sending message 112 to peer 0x150028000 (12 bytes)
1714056277.950107 sending message 112 to peer 0x150028000 (12 bytes)
1714056277.950112 sending message 112 to peer 0x150028000 (12 bytes)
1714056277.950117 sending message 112 to peer 0x150028000 (12 bytes)
1714056277.950123 sending message 112 to peer 0x150028000 (12 bytes)
1714056277.950129 sending message 112 to peer 0x150028000 (11 bytes)
1714056277.950135 sending message 112 to peer 0x150028000 (11 bytes)
1714056277.950141 sending message 112 to peer 0x150028000 (12 bytes)
1714056277.950147 sending message 112 to peer 0x150028000 (12 bytes)
1714056277.950153 sending message 112 to peer 0x150028000 (12 bytes)
1714056277.950159 sending message 112 to peer 0x150028000 (12 bytes)
1714056277.950165 sending message 112 to peer 0x150028000 (12 bytes)
1714056277.950171 sending message 112 to peer 0x150028000 (9 bytes)
1714056277.950177 sending message 112 to peer 0x150028000 (12 bytes)
1714056277.950183 sending message 112 to peer 0x150028000 (13 bytes)
1714056277.950189 sending message 112 to peer 0x150028000 (13 bytes)
1714056277.950195 sending message 112 to peer 0x150028000 (13 bytes)
1714056277.950201 sending message 112 to peer 0x150028000 (13 bytes)
1714056277.950207 sending message 112 to peer 0x150028000 (13 bytes)
1714056277.950212 sending message 112 to peer 0x150028000 (8 bytes)
1714056277.950218 sending message 112 to peer 0x150028000 (11 bytes)
1714056277.950224 sending message 112 to peer 0x150028000 (11 bytes)
1714056277.950229 sending message 112 to peer 0x150028000 (11 bytes)
1714056277.950235 sending message 112 to peer 0x150028000 (12 bytes)
1714056277.950241 sending message 112 to peer 0x150028000 (12 bytes)
1714056277.950247 sending message 112 to peer 0x150028000 (12 bytes)
1714056277.950253 sending message 112 to peer 0x150028000 (12 bytes)
1714056277.950260 sending message 112 to peer 0x150028000 (13 bytes)
1714056277.950265 sending message 112 to peer 0x150028000 (13 bytes)
1714056277.950272 sending message 112 to peer 0x150028000 (13 bytes)
1714056277.950279 sending message 112 to peer 0x150028000 (8 bytes)
1714056277.950284 sending message 112 to peer 0x150028000 (13 bytes)
1714056277.950290 sending message 112 to peer 0x150028000 (13 bytes)
1714056277.950296 sending message 112 to peer 0x150028000 (13 bytes)
1714056277.950302 sending message 112 to peer 0x150028000 (13 bytes)
1714056277.950308 sending message 112 to peer 0x150028000 (13 bytes)
1714056277.950313 sending message 112 to peer 0x150028000 (12 bytes)
1714056277.950318 sending message 112 to peer 0x150028000 (12 bytes)
1714056277.950324 sending message 112 to peer 0x150028000 (12 bytes)
1714056277.950329 sending message 112 to peer 0x150028000 (12 bytes)
1714056277.950335 sending message 112 to peer 0x150028000 (13 bytes)
1714056277.950342 sending message 112 to peer 0x150028000 (8 bytes)
1714056277.950347 sending message 112 to peer 0x150028000 (13 bytes)
1714056277.950353 sending message 112 to peer 0x150028000 (13 bytes)
1714056277.950359 sending message 112 to peer 0x150028000 (13 bytes)
1714056277.950365 sending message 112 to peer 0x150028000 (13 bytes)
1714056277.950371 sending message 112 to peer 0x150028000 (13 bytes)
1714056277.950377 sending message 112 to peer 0x150028000 (13 bytes)
1714056277.950382 sending message 112 to peer 0x150028000 (13 bytes)
1714056277.950388 sending message 112 to peer 0x150028000 (12 bytes)
1714056277.950395 sending message 112 to peer 0x150028000 (12 bytes)
1714056277.950401 sending message 112 to peer 0x150028000 (12 bytes)
1714056277.950407 sending message 112 to peer 0x150028000 (8 bytes)
1714056277.950413 sending message 112 to peer 0x150028000 (12 bytes)
1714056277.950419 sending message 112 to peer 0x150028000 (13 bytes)
1714056277.950426 sending message 112 to peer 0x150028000 (13 bytes)
1714056277.950431 sending message 112 to peer 0x150028000 (13 bytes)
1714056277.950437 sending message 112 to peer 0x150028000 (13 bytes)
1714056277.950443 sending message 112 to peer 0x150028000 (13 bytes)
1714056277.950459 sending message 112 to peer 0x150028000 (13 bytes)
1714056277.950466 sending message 112 to peer 0x150028000 (13 bytes)
1714056277.950472 sending message 112 to peer 0x150028000 (13 bytes)
1714056277.950479 sending message 112 to peer 0x150028000 (12 bytes)
1714056277.950484 sending message 112 to peer 0x150028000 (10 bytes)
1714056277.950490 sending message 112 to peer 0x150028000 (12 bytes)
1714056277.950496 sending message 112 to peer 0x150028000 (12 bytes)
1714056277.950502 sending message 112 to peer 0x150028000 (12 bytes)
1714056277.950508 sending message 112 to peer 0x150028000 (13 bytes)
1714056277.950513 sending message 112 to peer 0x150028000 (13 bytes)
1714056277.950519 sending message 112 to peer 0x150028000 (13 bytes)
1714056277.950525 sending message 112 to peer 0x150028000 (13 bytes)
1714056277.950530 sending message 112 to peer 0x150028000 (13 bytes)
1714056277.950536 sending message 112 to peer 0x150028000 (13 bytes)
1714056277.950542 sending message 112 to peer 0x150028000 (13 bytes)
1714056277.950548 sending message 112 to peer 0x150028000 (10 bytes)
1714056277.950554 sending message 112 to peer 0x150028000 (13 bytes)
1714056277.950560 sending message 112 to peer 0x150028000 (12 bytes)
1714056277.950566 sending message 112 to peer 0x150028000 (12 bytes)
1714056277.950572 sending message 112 to peer 0x150028000 (12 bytes)
1714056277.950578 sending message 112 to peer 0x150028000 (10 bytes)
1714056277.950584 sending message 112 to peer 0x150028000 (10 bytes)
1714056277.950590 sending message 112 to peer 0x150028000 (10 bytes)
1714056277.950596 sending message 112 to peer 0x150028000 (12 bytes)
1714056277.950602 sending message 112 to peer 0x150028000 (13 bytes)
1714056277.950608 sending message 112 to peer 0x150028000 (13 bytes)
1714056277.950614 sending message 112 to peer 0x150028000 (13 bytes)
1714056277.950620 sending message 112 to peer 0x150028000 (13 bytes)
1714056277.950627 sending message 112 to peer 0x150028000 (13 bytes)
1714056277.950633 sending message 112 to peer 0x150028000 (10 bytes)
1714056277.950639 sending message 112 to peer 0x150028000 (11 bytes)
1714056277.950645 sending message 112 to peer 0x150028000 (12 bytes)
1714056277.950651 sending message 112 to peer 0x150028000 (12 bytes)
1714056277.950657 sending message 112 to peer 0x150028000 (12 bytes)
1714056277.950663 sending message 112 to peer 0x150028000 (12 bytes)
1714056277.950670 sending message 112 to peer 0x150028000 (12 bytes)
1714056277.950675 sending message 112 to peer 0x150028000 (11 bytes)
1714056277.950682 sending message 112 to peer 0x150028000 (12 bytes)
1714056277.950687 sending message 112 to peer 0x150028000 (12 bytes)
1714056277.950693 sending message 112 to peer 0x150028000 (13 bytes)
1714056277.950699 sending message 112 to peer 0x150028000 (13 bytes)
1714056277.950704 sending message 112 to peer 0x150028000 (13 bytes)
1714056277.950710 sending message 112 to peer 0x150028000 (13 bytes)
1714056277.950715 sending message 112 to peer 0x150028000 (13 bytes)
1714056277.950721 sending message 112 to peer 0x150028000 (10 bytes)
1714056277.950726 sending message 112 to peer 0x150028000 (9 bytes)
1714056277.950733 sending message 112 to peer 0x150028000 (12 bytes)
1714056277.950739 sending message 112 to peer 0x150028000 (13 bytes)
1714056277.950745 sending message 112 to peer 0x150028000 (13 bytes)
1714056277.950750 sending message 112 to peer 0x150028000 (13 bytes)
1714056277.950756 sending message 112 to peer 0x150028000 (13 bytes)
1714056277.950763 sending message 112 to peer 0x150028000 (13 bytes)
1714056277.950768 sending message 112 to peer 0x150028000 (9 bytes)
1714056277.950774 sending message 112 to peer 0x150028000 (12 bytes)
1714056277.950780 sending message 112 to peer 0x150028000 (13 bytes)
1714056277.950786 sending message 112 to peer 0x150028000 (13 bytes)
1714056277.950792 sending message 112 to peer 0x150028000 (13 bytes)
1714056277.950798 sending message 112 to peer 0x150028000 (13 bytes)
1714056277.950803 sending message 112 to peer 0x150028000 (13 bytes)
1714056277.950810 sending message 112 to peer 0x150028000 (11 bytes)
1714056277.950824 sending message 112 to peer 0x150028000 (12 bytes)
1714056277.950830 sending message 112 to peer 0x150028000 (13 bytes)
1714056277.950837 sending message 112 to peer 0x150028000 (13 bytes)
1714056277.950843 sending message 112 to peer 0x150028000 (13 bytes)
1714056277.950849 sending message 112 to peer 0x150028000 (13 bytes)
1714056277.950855 sending message 112 to peer 0x150028000 (13 bytes)
1714056277.950861 sending message 112 to peer 0x150028000 (11 bytes)
1714056277.950867 sending message 112 to peer 0x150028000 (12 bytes)
1714056277.950873 sending message 112 to peer 0x150028000 (12 bytes)
1714056277.950879 sending message 112 to peer 0x150028000 (12 bytes)
1714056277.950885 sending message 112 to peer 0x150028000 (12 bytes)
1714056277.950891 sending message 112 to peer 0x150028000 (12 bytes)
1714056277.950897 sending message 112 to peer 0x150028000 (21 bytes)
1714056277.950903 sending message 112 to peer 0x150028000 (12 bytes)
1714056277.950910 sending message 112 to peer 0x150028000 (9 bytes)
1714056277.950915 sending message 112 to peer 0x150028000 (6 bytes)
1714056277.950921 sending message 112 to peer 0x150028000 (13 bytes)
1714056277.950927 sending message 112 to peer 0x150028000 (10 bytes)
1714056277.950933 sending message 112 to peer 0x150028000 (24 bytes)
1714056277.950939 sending message 112 to peer 0x150028000 (13 bytes)
1714056277.950945 sending message 112 to peer 0x150028000 (9 bytes)
1714056277.950951 sending message 112 to peer 0x150028000 (70 bytes)
1714056277.950957 sending message 112 to peer 0x150028000 (69 bytes)
1714056277.950963 sending message 112 to peer 0x150028000 (12 bytes)
1714056277.950969 sending message 112 to peer 0x150028000 (10 bytes)
1714056277.950976 sending message 112 to peer 0x150028000 (10 bytes)
1714056277.950982 sending message 112 to peer 0x150028000 (24 bytes)
1714056277.950988 sending message 112 to peer 0x150028000 (13 bytes)
1714056277.950994 sending message 112 to peer 0x150028000 (10 bytes)
1714056277.951000 sending message 112 to peer 0x150028000 (10 bytes)
1714056277.951005 sending message 112 to peer 0x150028000 (10 bytes)
1714056277.951011 sending message 112 to peer 0x150028000 (13 bytes)
1714056277.951017 sending message 112 to peer 0x150028000 (15 bytes)
1714056277.951025 sending message 112 to peer 0x150028000 (5 bytes)
1714056277.951033 sending message 104 to peer 0x150028000 (0 bytes)
1714056277.951041 sending message 110 to peer 0x150028000 (0 bytes)
1714056277.951047 sending message 107 to peer 0x150028000 (4 bytes)
1714056277.951053 sending message 105 to peer 0x150028000 (60 bytes)
1714056277.951059 sending message 105 to peer 0x150028000 (66 bytes)
1714056277.951065 sending message 105 to peer 0x150028000 (27 bytes)
1714056277.951071 sending message 105 to peer 0x150028000 (15 bytes)
1714056277.951077 sending message 105 to peer 0x150028000 (22 bytes)
1714056277.951083 sending message 105 to peer 0x150028000 (14 bytes)
1714056277.951089 sending message 105 to peer 0x150028000 (17 bytes)
1714056277.951095 sending message 105 to peer 0x150028000 (30 bytes)
1714056277.951101 sending message 105 to peer 0x150028000 (15 bytes)
1714056277.951107 sending message 105 to peer 0x150028000 (43 bytes)
1714056277.951114 sending message 105 to peer 0x150028000 (24 bytes)
1714056277.951120 sending message 105 to peer 0x150028000 (28 bytes)
1714056277.951125 sending message 105 to peer 0x150028000 (23 bytes)
1714056277.951132 sending message 105 to peer 0x150028000 (560 bytes)
1714056277.951138 sending message 105 to peer 0x150028000 (19 bytes)
1714056277.951144 sending message 105 to peer 0x150028000 (20 bytes)
1714056277.951150 sending message 105 to peer 0x150028000 (22 bytes)
1714056277.951156 sending message 105 to peer 0x150028000 (20 bytes)
1714056277.951162 sending message 105 to peer 0x150028000 (18 bytes)
1714056277.951168 sending message 105 to peer 0x150028000 (57 bytes)
1714056277.951174 sending message 105 to peer 0x150028000 (11 bytes)
1714056277.951180 sending message 105 to peer 0x150028000 (19 bytes)
1714056277.951197 sending message 105 to peer 0x150028000 (14 bytes)
1714056277.951204 sending message 105 to peer 0x150028000 (54 bytes)
1714056277.951210 sending message 105 to peer 0x150028000 (33 bytes)
1714056277.951217 sending message 105 to peer 0x150028000 (61 bytes)
1714056277.951224 sending message 105 to peer 0x150028000 (8 bytes)
1714056277.951231 sending message 105 to peer 0x150028000 (43 bytes)
1714056277.951236 sending message 105 to peer 0x150028000 (30 bytes)
1714056277.951242 sending message 105 to peer 0x150028000 (37 bytes)
1714056277.951249 sending message 105 to peer 0x150028000 (34 bytes)
1714056277.951255 sending message 105 to peer 0x150028000 (85 bytes)
1714056277.951261 sending message 105 to peer 0x150028000 (35 bytes)
1714056277.951267 sending message 105 to peer 0x150028000 (26 bytes)
1714056277.951273 sending message 105 to peer 0x150028000 (16 bytes)
1714056277.951279 sending message 105 to peer 0x150028000 (53 bytes)
1714056277.951285 sending message 105 to peer 0x150028000 (62 bytes)
1714056277.951291 sending message 105 to peer 0x150028000 (67 bytes)
1714056277.951297 sending message 105 to peer 0x150028000 (31 bytes)
1714056277.951303 sending message 105 to peer 0x150028000 (16 bytes)
1714056277.951309 sending message 105 to peer 0x150028000 (10 bytes)
1714056277.951322 sending message 105 to peer 0x150028000 (26 bytes)
1714056277.951329 sending message 105 to peer 0x150028000 (12 bytes)
1714056277.951335 sending message 105 to peer 0x150028000 (22 bytes)
1714056277.951342 sending message 105 to peer 0x150028000 (25 bytes)
1714056277.951349 sending message 106 to peer 0x150028000 (0 bytes)
1714056277.951431 sending message 200 to peer 0x150028000 (4 bytes)
1714056277.951439 client loop enter
1714056277.955646 peer 0x150028000 message 207
1714056277.955662 sending message 208 to peer 0x150028000 (0 bytes)
1714056284.330472 peer 0x150028000 message 201
1714056284.330583 sending message 205 to peer 0x150028000 (0 bytes)
1714056284.331171 peer 0x150028000 message 204
1714056284.331197 client loop exit
